// Jest Snapshot v1, https://goo.gl/fbAQLP

exports[`VolcanoAnalyzer should calculate percentage of volcanoes that caused tsunamis 1`] = `17.039800995024876`;

exports[`VolcanoAnalyzer should determine the average elevation 1`] = `"1993.71"`;

exports[`VolcanoAnalyzer should determine the most common type of volcano in the list 1`] = `"Stratovolcano"`;

exports[`VolcanoAnalyzer should filter eruptions by country: Italy 1`] = `
Array [
  "Macauley Island",
  "Kikai",
  "Masaya",
  "Pago",
  "Taal",
  "Pinatubo",
  "Long Island",
  "Black Peak",
  "St. Helens",
  "Veniaminof",
  "Aniakchak",
  "Santorini",
  "Taupo",
  "Pago",
  "Pinatubo",
  "Raoul Island",
  "Okmok",
  "Apoyeque",
  "Ambrym",
  "Bona-Churchill",
  "Taupo",
  "Ksudach",
  "Ilopango",
  "Rabaul",
  "Pago",
  "Bona-Churchill",
  "Dakataua",
  "Ceboruco",
  "Changbaishan",
  "Quilotoa",
  "Kuwae",
  "Bardarbunga",
  "Huaynaputina",
  "Long Island",
  "Tambora",
  "Krakatau",
  "Santa Maria",
  "Novarupta",
  "Pinatubo",
]
`;

exports[`VolcanoAnalyzer should filter eruptions by country: Nicaragua 1`] = `
Array [
  "Macauley Island",
  "Kikai",
  "Masaya",
  "Pago",
  "Taal",
  "Pinatubo",
  "Long Island",
  "Black Peak",
  "St. Helens",
  "Veniaminof",
  "Aniakchak",
  "Santorini",
  "Taupo",
  "Pago",
  "Pinatubo",
  "Raoul Island",
  "Okmok",
  "Apoyeque",
  "Ambrym",
  "Bona-Churchill",
  "Taupo",
  "Ksudach",
  "Ilopango",
  "Rabaul",
  "Pago",
  "Bona-Churchill",
  "Dakataua",
  "Ceboruco",
  "Changbaishan",
  "Quilotoa",
  "Kuwae",
  "Bardarbunga",
  "Huaynaputina",
  "Long Island",
  "Tambora",
  "Krakatau",
  "Santa Maria",
  "Novarupta",
  "Pinatubo",
]
`;

exports[`VolcanoAnalyzer should filter eruptions by country: Phillipines 1`] = `
Array [
  "Macauley Island",
  "Kikai",
  "Masaya",
  "Pago",
  "Taal",
  "Pinatubo",
  "Long Island",
  "Black Peak",
  "St. Helens",
  "Veniaminof",
  "Aniakchak",
  "Santorini",
  "Taupo",
  "Pago",
  "Pinatubo",
  "Raoul Island",
  "Okmok",
  "Apoyeque",
  "Ambrym",
  "Bona-Churchill",
  "Taupo",
  "Ksudach",
  "Ilopango",
  "Rabaul",
  "Pago",
  "Bona-Churchill",
  "Dakataua",
  "Ceboruco",
  "Changbaishan",
  "Quilotoa",
  "Kuwae",
  "Bardarbunga",
  "Huaynaputina",
  "Long Island",
  "Tambora",
  "Krakatau",
  "Santa Maria",
  "Novarupta",
  "Pinatubo",
]
`;

exports[`VolcanoAnalyzer should list eruptions that meet many criteria 1`] = `
Array [
  "Galunggung",
  "Hudson, Cerro",
]
`;

exports[`VolcanoAnalyzer should list northern hemisphere eruptions 1`] = `64.55223880597015`;

exports[`VolcanoAnalyzer should list the unique types of volcanoes 1`] = `
Array [
  "Caldera",
  "Stratovolcano",
  "Complex volcano",
  "Shield volcano",
  "Pyroclastic shield",
  "Volcanic field",
  "Lava dome",
  "Subglacial volcano",
  "Crater rows",
  "Tuff cone",
  "Fissure vent",
  "Pyroclastic cone",
  "Submarine volcano",
  "Lava cone",
  "Pumice cone",
  "Mud volcano",
  "Cinder cone",
  "Compound volcano",
  "Maar",
]
`;

exports[`VolcanoAnalyzer should list volcanoes that erupted in the 80s 1`] = `
Array [
  Object {
    "Agent": "P,M,T",
    "Country": "United States",
    "DEATHS": 57,
    "EQ": "EQ",
    "Elevation": 2549,
    "Latitude": 46.2,
    "Location": "US-Washington",
    "Longitude": -122.18,
    "Name": "St. Helens",
    "TSU": "TSU",
    "Type": "Stratovolcano",
    "VEI": 5,
    "Year": 1980,
  },
  Object {
    "Agent": "",
    "Country": "Iceland",
    "DEATHS": "",
    "EQ": "",
    "Elevation": 1491,
    "Latitude": 63.98,
    "Location": "Iceland-S",
    "Longitude": -19.7,
    "Name": "Hekla",
    "TSU": "",
    "Type": "Stratovolcano",
    "VEI": 3,
    "Year": 1980,
  },
  Object {
    "Agent": "m",
    "Country": "United States",
    "DEATHS": 1,
    "EQ": "",
    "Elevation": 3426,
    "Latitude": 45.374,
    "Location": "US-Oregon",
    "Longitude": -121.694,
    "Name": "Hood",
    "TSU": "",
    "Type": "Stratovolcano",
    "VEI": "",
    "Year": 1980,
  },
  Object {
    "Agent": "",
    "Country": "Italy",
    "DEATHS": "",
    "EQ": "",
    "Elevation": 3350,
    "Latitude": 37.734,
    "Location": "Italy",
    "Longitude": 15.004,
    "Name": "Etna",
    "TSU": "",
    "Type": "Stratovolcano",
    "VEI": 2,
    "Year": 1981,
  },
  Object {
    "Agent": "P",
    "Country": "Indonesia",
    "DEATHS": 1,
    "EQ": "",
    "Elevation": 3676,
    "Latitude": -8.108,
    "Location": "Java",
    "Longitude": 112.92,
    "Name": "Semeru",
    "TSU": "",
    "Type": "Stratovolcano",
    "VEI": 3,
    "Year": 1981,
  },
  Object {
    "Agent": "",
    "Country": "Russia",
    "DEATHS": "",
    "EQ": "",
    "Elevation": 2339,
    "Latitude": 50.858,
    "Location": "Kuril Is",
    "Longitude": 155.55,
    "Name": "Alaid",
    "TSU": "",
    "Type": "Stratovolcano",
    "VEI": 2,
    "Year": 1981,
  },
  Object {
    "Agent": "m",
    "Country": "Indonesia",
    "DEATHS": 372,
    "EQ": "",
    "Elevation": 3676,
    "Latitude": -8.108,
    "Location": "Java",
    "Longitude": 112.92,
    "Name": "Semeru",
    "TSU": "",
    "Type": "Stratovolcano",
    "VEI": 3,
    "Year": 1981,
  },
  Object {
    "Agent": "m",
    "Country": "Philippines",
    "DEATHS": 200,
    "EQ": "",
    "Elevation": 2462,
    "Latitude": 13.257,
    "Location": "Luzon-Philippines",
    "Longitude": 123.685,
    "Name": "Mayon",
    "TSU": "",
    "Type": "Stratovolcano",
    "VEI": "",
    "Year": 1981,
  },
  Object {
    "Agent": "P",
    "Country": "Indonesia",
    "DEATHS": "",
    "EQ": "",
    "Elevation": 875,
    "Latitude": -8.32,
    "Location": "Lesser Sunda Is",
    "Longitude": 121.708,
    "Name": "Paluweh",
    "TSU": "",
    "Type": "Stratovolcano",
    "VEI": 2,
    "Year": 1981,
  },
  Object {
    "Agent": "A",
    "Country": "Russia",
    "DEATHS": "",
    "EQ": "",
    "Elevation": 2173,
    "Latitude": 52.68,
    "Location": "Kamchatka",
    "Longitude": 158.3,
    "Name": "Vilyuchik",
    "TSU": "",
    "Type": "Stratovolcano",
    "VEI": "",
    "Year": 1981,
  },
  Object {
    "Agent": "P,T,M,S",
    "Country": "Mexico",
    "DEATHS": 1879,
    "EQ": "EQ",
    "Elevation": 1150,
    "Latitude": 17.36,
    "Location": "Mexico",
    "Longitude": -93.228,
    "Name": "Chichon, El",
    "TSU": "",
    "Type": "Tuff cone",
    "VEI": 5,
    "Year": 1982,
  },
  Object {
    "Agent": "P",
    "Country": "Mexico",
    "DEATHS": 33,
    "EQ": "",
    "Elevation": 1150,
    "Latitude": 17.36,
    "Location": "Mexico",
    "Longitude": -93.228,
    "Name": "Chichon, El",
    "TSU": "",
    "Type": "Tuff cone",
    "VEI": 5,
    "Year": 1982,
  },
  Object {
    "Agent": "I,T",
    "Country": "Indonesia",
    "DEATHS": 68,
    "EQ": "",
    "Elevation": 2168,
    "Latitude": -7.25,
    "Location": "Java",
    "Longitude": 108.05,
    "Name": "Galunggung",
    "TSU": "",
    "Type": "Stratovolcano",
    "VEI": 4,
    "Year": 1982,
  },
  Object {
    "Agent": "m",
    "Country": "Mexico",
    "DEATHS": 1,
    "EQ": "",
    "Elevation": 1150,
    "Latitude": 17.36,
    "Location": "Mexico",
    "Longitude": -93.228,
    "Name": "Chichon, El",
    "TSU": "",
    "Type": "Tuff cone",
    "VEI": 5,
    "Year": 1982,
  },
  Object {
    "Agent": "T",
    "Country": "Russia",
    "DEATHS": 1,
    "EQ": "",
    "Elevation": 4835,
    "Latitude": 56.057,
    "Location": "Kamchatka",
    "Longitude": 160.638,
    "Name": "Kliuchevskoi",
    "TSU": "",
    "Type": "Stratovolcano",
    "VEI": 2,
    "Year": 1983,
  },
  Object {
    "Agent": "",
    "Country": "Indonesia",
    "DEATHS": "",
    "EQ": "",
    "Elevation": 507,
    "Latitude": -0.17,
    "Location": "Sulawesi-Indonesia",
    "Longitude": 121.608,
    "Name": "Colo [Una Una]",
    "TSU": "",
    "Type": "Stratovolcano",
    "VEI": 4,
    "Year": 1983,
  },
  Object {
    "Agent": "W",
    "Country": "Indonesia",
    "DEATHS": "",
    "EQ": "",
    "Elevation": 1018,
    "Latitude": -8.54,
    "Location": "Lesser Sunda Is",
    "Longitude": 123.59,
    "Name": "Iliwerung",
    "TSU": "TSU",
    "Type": "Complex volcano",
    "VEI": 1,
    "Year": 1983,
  },
  Object {
    "Agent": "",
    "Country": "Japan",
    "DEATHS": "",
    "EQ": "EQ",
    "Elevation": 815,
    "Latitude": 34.08,
    "Location": "Izu Is-Japan",
    "Longitude": 139.53,
    "Name": "Miyake-jima",
    "TSU": "",
    "Type": "Stratovolcano",
    "VEI": 3,
    "Year": 1983,
  },
  Object {
    "Agent": "G",
    "Country": "Cameroon",
    "DEATHS": 37,
    "EQ": "",
    "Elevation": 3011,
    "Latitude": 6.25,
    "Location": "Africa-W",
    "Longitude": 10.5,
    "Name": "Oku Volc Field",
    "TSU": "",
    "Type": "Maar",
    "VEI": "",
    "Year": 1984,
  },
  Object {
    "Agent": "M",
    "Country": "Philippines",
    "DEATHS": 1,
    "EQ": "",
    "Elevation": 2462,
    "Latitude": 13.257,
    "Location": "Luzon-Philippines",
    "Longitude": 123.685,
    "Name": "Mayon",
    "TSU": "",
    "Type": "Stratovolcano",
    "VEI": 3,
    "Year": 1984,
  },
  Object {
    "Agent": "A",
    "Country": "Japan",
    "DEATHS": 29,
    "EQ": "",
    "Elevation": 3063,
    "Latitude": 35.9,
    "Location": "Honshu-Japan",
    "Longitude": 137.48,
    "Name": "On-take",
    "TSU": "",
    "Type": "Complex volcano",
    "VEI": "",
    "Year": 1984,
  },
  Object {
    "Agent": "S",
    "Country": "Italy",
    "DEATHS": 1,
    "EQ": "",
    "Elevation": 3350,
    "Latitude": 37.734,
    "Location": "Italy",
    "Longitude": 15.004,
    "Name": "Etna",
    "TSU": "",
    "Type": "Stratovolcano",
    "VEI": 3,
    "Year": 1984,
  },
  Object {
    "Agent": "A",
    "Country": "Indonesia",
    "DEATHS": 70,
    "EQ": "",
    "Elevation": 3676,
    "Latitude": -8.108,
    "Location": "Java",
    "Longitude": 112.92,
    "Name": "Semeru",
    "TSU": "",
    "Type": "Stratovolcano",
    "VEI": 3,
    "Year": 1985,
  },
  Object {
    "Agent": "M",
    "Country": "Colombia",
    "DEATHS": 23080,
    "EQ": "",
    "Elevation": 5321,
    "Latitude": 4.895,
    "Location": "Colombia",
    "Longitude": -75.322,
    "Name": "Ruiz",
    "TSU": "",
    "Type": "Stratovolcano",
    "VEI": 3,
    "Year": 1985,
  },
  Object {
    "Agent": "S",
    "Country": "Italy",
    "DEATHS": 1,
    "EQ": "",
    "Elevation": 3350,
    "Latitude": 37.734,
    "Location": "Italy",
    "Longitude": 15.004,
    "Name": "Etna",
    "TSU": "",
    "Type": "Stratovolcano",
    "VEI": 1,
    "Year": 1985,
  },
  Object {
    "Agent": "G",
    "Country": "Japan",
    "DEATHS": 1,
    "EQ": "",
    "Elevation": 1366,
    "Latitude": 39.97,
    "Location": "Honshu-Japan",
    "Longitude": 140.77,
    "Name": "Akita-Yake-yama",
    "TSU": "",
    "Type": "Complex volcano",
    "VEI": "",
    "Year": 1986,
  },
  Object {
    "Agent": "T",
    "Country": "Italy",
    "DEATHS": 1,
    "EQ": "",
    "Elevation": 926,
    "Latitude": 38.789,
    "Location": "Italy",
    "Longitude": 15.213,
    "Name": "Stromboli",
    "TSU": "",
    "Type": "Stratovolcano",
    "VEI": 2,
    "Year": 1986,
  },
  Object {
    "Agent": "G",
    "Country": "Cameroon",
    "DEATHS": 1700,
    "EQ": "",
    "Elevation": 3011,
    "Latitude": 6.25,
    "Location": "Africa-W",
    "Longitude": 10.5,
    "Name": "Oku Volc Field",
    "TSU": "",
    "Type": "Maar",
    "VEI": 3,
    "Year": 1986,
  },
  Object {
    "Agent": "M",
    "Country": "Indonesia",
    "DEATHS": 1,
    "EQ": "",
    "Elevation": 2947,
    "Latitude": -7.542,
    "Location": "Java",
    "Longitude": 110.442,
    "Name": "Merapi",
    "TSU": "",
    "Type": "Stratovolcano",
    "VEI": 2,
    "Year": 1986,
  },
  Object {
    "Agent": "I",
    "Country": "Japan",
    "DEATHS": 1,
    "EQ": "",
    "Elevation": 758,
    "Latitude": 34.73,
    "Location": "Izu Is-Japan",
    "Longitude": 139.38,
    "Name": "Oshima",
    "TSU": "",
    "Type": "Stratovolcano",
    "VEI": 3,
    "Year": 1986,
  },
  Object {
    "Agent": "",
    "Country": "Guatemala",
    "DEATHS": "",
    "EQ": "",
    "Elevation": 2552,
    "Latitude": 14.381,
    "Location": "Guatemala",
    "Longitude": -90.601,
    "Name": "Pacaya",
    "TSU": "",
    "Type": "Complex volcano",
    "VEI": 3,
    "Year": 1987,
  },
  Object {
    "Agent": "T",
    "Country": "Italy",
    "DEATHS": 2,
    "EQ": "",
    "Elevation": 3350,
    "Latitude": 37.734,
    "Location": "Italy",
    "Longitude": 15.004,
    "Name": "Etna",
    "TSU": "",
    "Type": "Stratovolcano",
    "VEI": 2,
    "Year": 1987,
  },
  Object {
    "Agent": "",
    "Country": "Indonesia",
    "DEATHS": "",
    "EQ": "EQ",
    "Elevation": 862,
    "Latitude": -8.51,
    "Location": "Lesser Sunda Is",
    "Longitude": 124.148,
    "Name": "Sirung",
    "TSU": "",
    "Type": "Complex volcano",
    "VEI": "",
    "Year": 1987,
  },
  Object {
    "Agent": "T,L",
    "Country": "Pacific Ocean",
    "DEATHS": 4,
    "EQ": "",
    "Elevation": 640,
    "Latitude": -4.525,
    "Location": "Banda Sea",
    "Longitude": 129.871,
    "Name": "Banda Api",
    "TSU": "",
    "Type": "Caldera",
    "VEI": 3,
    "Year": 1988,
  },
  Object {
    "Agent": "T",
    "Country": "Costa Rica",
    "DEATHS": 1,
    "EQ": "",
    "Elevation": 1657,
    "Latitude": 10.463,
    "Location": "Costa Rica",
    "Longitude": -84.703,
    "Name": "Arenal",
    "TSU": "",
    "Type": "Stratovolcano",
    "VEI": 3,
    "Year": 1988,
  },
  Object {
    "Agent": "T",
    "Country": "Indonesia",
    "DEATHS": 1,
    "EQ": "",
    "Elevation": 3676,
    "Latitude": -8.108,
    "Location": "Java",
    "Longitude": 112.92,
    "Name": "Semeru",
    "TSU": "",
    "Type": "Stratovolcano",
    "VEI": 3,
    "Year": 1988,
  },
  Object {
    "Agent": "T",
    "Country": "Chile",
    "DEATHS": 1,
    "EQ": "",
    "Elevation": 2865,
    "Latitude": -38.377,
    "Location": "Chile-C",
    "Longitude": -71.58,
    "Name": "Lonquimay",
    "TSU": "",
    "Type": "Stratovolcano",
    "VEI": 3,
    "Year": 1988,
  },
  Object {
    "Agent": "I",
    "Country": "Japan",
    "DEATHS": 3,
    "EQ": "",
    "Elevation": 1366,
    "Latitude": 39.97,
    "Location": "Honshu-Japan",
    "Longitude": 140.77,
    "Name": "Akita-Yake-yama",
    "TSU": "",
    "Type": "Complex volcano",
    "VEI": "",
    "Year": 1988,
  },
  Object {
    "Agent": "G",
    "Country": "Japan",
    "DEATHS": 1,
    "EQ": "",
    "Elevation": 1592,
    "Latitude": 32.88,
    "Location": "Kyushu-Japan",
    "Longitude": 131.1,
    "Name": "Aso",
    "TSU": "",
    "Type": "Caldera",
    "VEI": "",
    "Year": 1989,
  },
  Object {
    "Agent": "G",
    "Country": "Japan",
    "DEATHS": 2,
    "EQ": "",
    "Elevation": 1700,
    "Latitude": 31.93,
    "Location": "Kyushu-Japan",
    "Longitude": 130.87,
    "Name": "Kirishima",
    "TSU": "",
    "Type": "Shield volcano",
    "VEI": "",
    "Year": 1989,
  },
]
`;

exports[`VolcanoAnalyzer should list volcanoes that happened above a specified altitude: 1000 1`] = `
Array [
  "Pinatubo",
  "Vesuvius",
  "Long Island",
  "Black Peak",
  "St. Helens",
  "Veniaminof",
  "Aniakchak",
  "Redoubt",
  "Pinatubo",
  "Tungurahua",
  "Cotopaxi",
  "Etna",
  "Okmok",
  "Ambrym",
  "Bona-Churchill",
  "Vesuvius",
  "Arhab, Harra of",
  "Ksudach",
  "Augustine",
  "Arhab, Harra of",
  "San Salvador",
  "Uwayrid, Harrat",
  "Sakura-jima",
  "Sakura-jima",
  "Vesuvius",
  "Bona-Churchill",
  "Katla",
  "Ceboruco",
  "Katla",
  "Katla",
  "Changbaishan",
  "Hekla",
  "Hekla",
  "Etna",
  "Etna",
  "Katla",
  "Hekla",
  "Fentale",
  "Katla",
  "Quilotoa",
  "Hekla",
  "Katla",
  "Kelut",
  "Etna",
  "Etna",
  "Aso",
  "Kelut",
  "Hekla",
  "Katla",
  "Oraefajokull",
  "Chichon, El",
  "Kelut",
  "Kelut",
  "Hekla",
  "Nasu",
  "Sakura-jima",
  "Bardarbunga",
  "Aso",
  "Katla",
  "Hekla",
  "Hekla",
  "Etna",
  "Augustine",
  "Dukono",
  "Gamkonora",
  "Pacaya",
  "Kirishima",
  "Mombacho",
  "Colima",
  "San Jorge",
  "Katla",
  "Fuego",
  "Kelut",
  "Merapi",
  "Colima",
  "Raung",
  "Ruiz",
  "Asama",
  "Hekla",
  "Raung",
  "Asama",
  "Huaynaputina",
  "Gamalama",
  "Tengchong",
  "Fuego",
  "Katla",
  "Grimsvotn",
  "Dama Ali",
  "Vesuvius",
  "Hekla",
  "Raung",
  "Komaga-take",
  "Tungurahua",
  "Makian",
  "San Salvador",
  "Katla",
  "Long Island",
  "Unzen",
  "Etna",
  "Etna",
  "Aoba",
  "Fayal",
  "Merapi",
  "Gamkonora",
  "La Palma",
  "Vesuvius",
  "Grimsvotn",
  "Vesuvius",
  "Guntur",
  "Etna",
  "Hekla",
  "Vesuvius",
  "Cotopaxi",
  "Cereme",
  "Tenerife",
  "Fuji",
  "Awu",
  "Bardarbunga",
  "Vesuvius",
  "Kelut",
  "Bardarbunga",
  "Kirishima",
  "Kirishima",
  "Bardarbunga",
  "Fuego",
  "Pico",
  "Katla",
  "Asama",
  "Bardarbunga",
  "Oraefajokull",
  "Bardarbunga",
  "Raung",
  "Vesuvius",
  "Cotopaxi",
  "Cotopaxi",
  "Grimsvotn",
  "Katla",
  "San Jorge",
  "Makian",
  "Kliuchevskoi",
  "Hekla",
  "Mayon",
  "Cotopaxi",
  "Gamalama",
  "Papandayan",
  "Gamalama",
  "Gamalama",
  "Lokon-Empung",
  "Vesuvius",
  "Sakura-jima",
  "Sakura-jima",
  "Sakura-jima",
  "Sakura-jima",
  "Sakura-jima",
  "Asama",
  "Grimsvotn",
  "Sabancaya",
  "Hualalai",
  "Dieng Volc Complex",
  "Kilauea",
  "Unzen",
  "Vesuvius",
  "San Jorge",
  "Guntur",
  "Mayon",
  "Hualalai",
  "St. Helens",
  "Kieyo",
  "Chokai",
  "Asama",
  "Asama",
  "Shikotsu",
  "Vesuvius",
  "Soufriere St. Vincent",
  "Awu",
  "Vesuvius",
  "Mayon",
  "Tambora",
  "Aso",
  "Ijen",
  "Raung",
  "Colima",
  "Westdahl",
  "Galunggung",
  "Merapi",
  "Kilauea",
  "Shishaldin",
  "Balbi",
  "Kelut",
  "Dieng Volc Complex",
  "Aso",
  "Avachinsky",
  "Avachinsky",
  "Guntur",
  "Etna",
  "Merapi",
  "Kaba",
  "Peuet Sague",
  "Gamalama",
  "Gamalama",
  "Kilauea",
  "Ararat",
  "Liamuiga",
  "Soufriere Guadeloupe",
  "Lamongan",
  "Etna",
  "Soputan",
  "Ruiz",
  "Hekla",
  "Tangkubanparahu",
  "Fogo",
  "Dieng Volc Complex",
  "Kelut",
  "Mayon",
  "Shiveluch",
  "Aso",
  "Alaid",
  "Awu",
  "Shishaldin",
  "Komaga-take",
  "Umboi",
  "Mayon",
  "Tate-yama",
  "Tate-yama",
  "Semeru",
  "Fuego",
  "Grimsvotn",
  "Dubbi",
  "Grimsvotn",
  "Makian",
  "Kelut",
  "Zao",
  "Mauna Loa",
  "Etna",
  "Lewotobi",
  "Lamongan",
  "Aoba",
  "Iliwerung",
  "Camiguin",
  "Gamalama",
  "Mayon",
  "Merapi",
  "Merapi",
  "Vesuvius",
  "Merapi",
  "Aso",
  "Ragang",
  "Vesuvius",
  "Kelut",
  "Askja",
  "Mayon",
  "Mauna Loa",
  "Cotopaxi",
  "Okmok",
  "Karthala",
  "Augustine",
  "Bagana",
  "Semeru",
  "Purace",
  "Tungurahua",
  "Okataina",
  "Mayon",
  "Bandai",
  "Makian",
  "Victory",
  "Sorikmarapi",
  "Awu",
  "Calbuco",
  "Azuma",
  "Ambrym",
  "Semeru",
  "Karkar",
  "Kirishima",
  "Kirishima",
  "Mayon",
  "Dona Juana",
  "Manam",
  "Asama",
  "Kirishima",
  "Adatara",
  "Tullu Moje",
  "Kelut",
  "Pelee",
  "Soufriere St. Vincent",
  "Pelee",
  "Pelee",
  "Pelee",
  "Santa Maria",
  "Merapi",
  "Okataina",
  "Karthala",
  "Karthala",
  "Vesuvius",
  "Savai'i",
  "Vesuvius",
  "Alayta",
  "Lewotobi",
  "Savai'i",
  "Cameroon, Mt.",
  "Semeru",
  "Asama",
  "Asama",
  "Semeru",
  "Nyamuragira",
  "Colima",
  "Awu",
  "Asama",
  "Semeru",
  "Ambrym",
  "Sakura-jima",
  "Aoba",
  "Tungurahua",
  "Lengai, Ol Doinyo",
  "Okataina",
  "Calbuco",
  "San Salvador",
  "Katla",
  "Popocatepetl",
  "Kelut",
  "Nasu",
  "Mauna Loa",
  "Merapi",
  "Izalco",
  "Nasu",
  "Papandayan",
  "Tangkubanparahu",
  "Kirishima",
  "Kilauea",
  "Tokachi",
  "Esjufjoll",
  "Mayon",
  "Dieng Volc Complex",
  "Etna",
  "Calbuco",
  "Komaga-take",
  "Etna",
  "Santa Maria",
  "Asama",
  "Merapi",
  "Asama",
  "Fuego",
  "Merapi",
  "Kusatsu-Shirane",
  "Kharimkotan",
  "Hakone",
  "Bulusan",
  "Hood",
  "Asama",
  "Llaima",
  "Nyamuragira",
  "Bandai",
  "Mayon",
  "Asama",
  "Dieng Volc Complex",
  "Karangetang [Api Siau]",
  "Lengai, Ol Doinyo",
  "Asama",
  "Semeru",
  "Michoacan-Guanajuato",
  "Azul, Cerro",
  "Vesuvius",
  "Cleveland",
  "Dieng Volc Complex",
  "Sakura-jima",
  "Semeru",
  "Semeru",
  "Mayon",
  "Asama",
  "Akagi",
  "Hekla",
  "Iliwerung",
  "Villarrica",
  "Purace",
  "Camiguin",
  "Semeru",
  "Camiguin",
  "Asama",
  "Lamington",
  "Kelut",
  "Hakone",
  "Camiguin",
  "Hakone",
  "Ambalatungan Group",
  "Merapi",
  "Aso",
  "Hakone",
  "Ruapehu",
  "Tate-yama",
  "Camiguin",
  "Carran-Los Venados",
  "Sakura-jima",
  "Bezymianny",
  "Vsevidof",
  "Unzen",
  "Aso",
  "Mahawu",
  "Daisetsu",
  "Puyehue",
  "Calbuco",
  "Tate-yama",
  "Merapi",
  "Daisetsu",
  "Asama",
  "Tokachi",
  "Merapi",
  "Gamalama",
  "Agung",
  "Irazu",
  "Semeru",
  "Agung",
  "Villarrica",
  "Batur",
  "Fuego",
  "Irazu",
  "Villarrica",
  "Dieng Volc Complex",
  "Kelut",
  "Awu",
  "Lengai, Ol Doinyo",
  "Lengai, Ol Doinyo",
  "Semeru",
  "Mayon",
  "Arenal",
  "Merapi",
  "Hekla",
  "Hudson, Cerro",
  "Fuego",
  "La Palma",
  "Villarrica",
  "Kusatsu-Shirane",
  "Fournaise, Piton de la",
  "Hakone",
  "Hudson, Cerro",
  "Iliwerung",
  "Karangetang [Api Siau]",
  "Sakura-jima",
  "Niigata-Yake-yama",
  "Sakura-jima",
  "Fuego",
  "Merapi",
  "Marapi",
  "Arenal",
  "Kilauea",
  "Kusatsu-Shirane",
  "Sangay",
  "Semeru",
  "Karangetang [Api Siau]",
  "Merapi",
  "Nyiragongo",
  "Karthala",
  "Kliuchevskoi",
  "Bulusan",
  "Santa Maria",
  "Semeru",
  "Tangkubanparahu",
  "Dieng Volc Complex",
  "Karkar",
  "Soufriere St. Vincent",
  "Etna",
  "Aso",
  "Iliwerung",
  "St. Helens",
  "Hekla",
  "Hood",
  "Etna",
  "Semeru",
  "Alaid",
  "Semeru",
  "Mayon",
  "Vilyuchik",
  "Chichon, El",
  "Chichon, El",
  "Galunggung",
  "Chichon, El",
  "Kliuchevskoi",
  "Iliwerung",
  "Oku Volc Field",
  "Mayon",
  "On-take",
  "Etna",
  "Semeru",
  "Ruiz",
  "Etna",
  "Akita-Yake-yama",
  "Oku Volc Field",
  "Merapi",
  "Pacaya",
  "Etna",
  "Arenal",
  "Semeru",
  "Lonquimay",
  "Akita-Yake-yama",
  "Aso",
  "Kirishima",
  "Shiveluch",
  "Kelut",
  "Aso",
  "Aso",
  "Sabancaya",
  "Santa Maria",
  "Aso",
  "Nyiragongo",
  "Kelut",
  "Unzen",
  "Pinatubo",
  "Mutnovsky",
  "Karthala",
  "Hudson, Cerro",
  "Lokon-Empung",
  "Etna",
  "Karangetang [Api Siau]",
  "Dieng Volc Complex",
  "Karangetang [Api Siau]",
  "Marapi",
  "Pinatubo",
  "Spurr",
  "Semeru",
  "Galeras",
  "Mayon",
  "Guagua Pichincha",
  "Kilauea",
  "Unzen",
  "Pinatubo",
  "Pinatubo",
  "Semeru",
  "Aso",
  "Huila",
  "Rinjani",
  "Merapi",
  "Yake-dake",
  "Fogo",
  "Pacaya",
  "Kelimutu",
  "Parker",
  "Karymsky",
  "Popocatepetl",
  "Kanlaon",
  "Maderas",
  "Grimsvotn",
  "Manam",
  "Merapi",
  "Karangetang [Api Siau]",
  "Hakkoda Group",
  "Semeru",
  "Adatara",
  "Aso",
  "Kilauea",
  "Kelut",
  "San Cristobal",
  "Fuego",
  "Shiveluch",
  "Guagua Pichincha",
  "Tungurahua",
  "Semeru",
  "Arenal",
  "Kilauea",
  "Merapi",
  "Etna",
  "Etna",
  "Merapi",
  "Karangetang [Api Siau]",
  "Nyiragongo",
  "Etna",
  "Reventador",
  "Semeru",
  "Egon",
  "Tengger Caldera",
  "Manam",
  "Manam",
  "Santa Ana",
  "Karthala",
  "Bulusan",
  "Merapi",
  "Tungurahua",
  "Tungurahua",
  "Mayon",
  "Manam",
  "Huila",
  "Salak",
  "Tungurahua",
  "Huila",
  "Redoubt",
  "Kilauea",
  "Tungurahua",
  "Eyjafjallajokull",
  "Pacaya",
  "Karangetang [Api Siau]",
  "Sinabung",
  "Merapi",
  "Tungurahua",
  "Tengger Caldera",
  "Merapi",
  "Kirishima",
  "Bulusan",
  "Karangetang [Api Siau]",
  "Tungurahua",
  "Puyehue",
  "Nabro",
  "Katla",
  "Lokon-Empung",
  "Gamalama",
  "Kilauea",
  "Kilauea",
  "Tolbachik",
  "Merapi",
  "Mayon",
  "Ubinas",
  "Sakura-jima",
  "Sinabung",
  "Okataina",
  "Sinabung",
  "Kelut",
  "On-take",
  "Kilauea",
  "Fogo",
  "Gamalama",
  "Sinabung",
  "Calbuco",
  "Karangetang [Api Siau]",
  "Manam",
  "Sinabung",
  "Okataina",
  "Sinabung",
  "Sinabung",
  "Yellowstone",
  "Rinjani",
  "Aso",
  "Sinabung",
  "Dieng Volc Complex",
  "Aoba",
  "Kilauea",
]
`;

exports[`VolcanoAnalyzer should list volcanoes that happened above a specified altitude: 5000 1`] = `
Array [
  "Tungurahua",
  "Cotopaxi",
  "Bona-Churchill",
  "Bona-Churchill",
  "Ruiz",
  "Tungurahua",
  "Cotopaxi",
  "Cotopaxi",
  "Cotopaxi",
  "Cotopaxi",
  "Sabancaya",
  "Ararat",
  "Ruiz",
  "Cotopaxi",
  "Tungurahua",
  "Tungurahua",
  "Popocatepetl",
  "Sangay",
  "Ruiz",
  "Sabancaya",
  "Huila",
  "Popocatepetl",
  "Tungurahua",
  "Tungurahua",
  "Tungurahua",
  "Huila",
  "Tungurahua",
  "Huila",
  "Tungurahua",
  "Tungurahua",
  "Tungurahua",
  "Ubinas",
]
`;

exports[`VolcanoAnalyzer should list volcanoes that happened above a specified altitude: 10000 1`] = `Array []`;

exports[`VolcanoAnalyzer should list volcanoes that have a high VEI 1`] = `
Array [
  "Macauley Island",
  "Kikai",
  "Masaya",
  "Pago",
  "Taal",
  "Pinatubo",
  "Long Island",
  "Black Peak",
  "St. Helens",
  "Veniaminof",
  "Aniakchak",
  "Santorini",
  "Taupo",
  "Pago",
  "Pinatubo",
  "Raoul Island",
  "Okmok",
  "Apoyeque",
  "Ambrym",
  "Bona-Churchill",
  "Taupo",
  "Ksudach",
  "Ilopango",
  "Rabaul",
  "Pago",
  "Bona-Churchill",
  "Dakataua",
  "Ceboruco",
  "Changbaishan",
  "Quilotoa",
  "Kuwae",
  "Bardarbunga",
  "Huaynaputina",
  "Long Island",
  "Tambora",
  "Krakatau",
  "Santa Maria",
  "Novarupta",
  "Pinatubo",
]
`;

exports[`VolcanoAnalyzer should normalize and list the top 10 causes of death 1`] = `
Array [
  "P",
  "M",
  "W",
  "A",
  "I",
]
`;

exports[`VolcanoAnalyzer should print/return the most deadly volcano 1`] = `
Object {
  "Agent": "",
  "Country": "El Salvador",
  "DEATHS": 30000,
  "EQ": "",
  "Elevation": 450,
  "Latitude": 13.672,
  "Location": "El Salvador",
  "Longitude": -89.053,
  "Name": "Ilopango",
  "TSU": "",
  "Type": "Caldera",
  "VEI": 6,
  "Year": 450,
}
`;
